src/App.tsx(10,51): error TS2503: Cannot find namespace 'JSX'.
src/components/ComplaintForm.tsx(2,10): error TS1484: 'ComplaintRequest' is a type and must be imported using a type-only import when 'verbatimModuleSyntax' is enabled.
src/components/ComplaintList.tsx(2,10): error TS1484: 'Complaint' is a type and must be imported using a type-only import when 'verbatimModuleSyntax' is enabled.
src/components/ComplaintList.tsx(2,21): error TS1484: 'ComplaintStatus' is a type and must be imported using a type-only import when 'verbatimModuleSyntax' is enabled.
src/pages/Dashboard.tsx(4,10): error TS1484: 'Complaint' is a type and must be imported using a type-only import when 'verbatimModuleSyntax' is enabled.
src/pages/Register.tsx(5,10): error TS1484: 'UserRole' is a type and must be imported using a type-only import when 'verbatimModuleSyntax' is enabled.
src/services/auth.service.ts(2,10): error TS1484: 'UserRole' is a type and must be imported using a type-only import when 'verbatimModuleSyntax' is enabled.
src/services/auth.service.ts(2,20): error TS1484: 'AuthResponse' is a type and must be imported using a type-only import when 'verbatimModuleSyntax' is enabled.
src/services/complaint.service.ts(2,10): error TS1484: 'Complaint' is a type and must be imported using a type-only import when 'verbatimModuleSyntax' is enabled.
src/services/complaint.service.ts(2,21): error TS1484: 'ComplaintRequest' is a type and must be imported using a type-only import when 'verbatimModuleSyntax' is enabled.
src/services/complaint.service.ts(2,39): error TS1484: 'ComplaintStatus' is a type and must be imported using a type-only import when 'verbatimModuleSyntax' is enabled.
